
>>> python3 scripts/apply_filled_path_transform.py

>>> python3 scripts/fix_filled_path_demo.py

>>> python3 scripts/fix_filled_geometry_compile.py

>>> python3 scripts/fix_filled_compile_tests.py

>>> cargo fmt --all

>>> cargo fmt --all -- --check

>>> cargo check --workspace --all-targets --all-features
    Updating crates.io index
     Locking 134 packages to latest compatible versions
      Adding wgpu v29.0.4 (available: v30.0.0)
 Downloading crates ...
  Downloaded dlib v0.5.3
  Downloaded arrayvec v0.7.8
  Downloaded document-features v0.2.12
  Downloaded cfg-if v1.0.4
  Downloaded gpu-descriptor-types v0.2.0
  Downloaded equivalent v1.0.2
  Downloaded float_next_after v1.0.0
  Downloaded gpu-descriptor v0.3.2
  Downloaded cfg_aliases v0.2.2
  Downloaded scopeguard v1.2.0
  Downloaded hexf-parse v0.2.1
  Downloaded itoa v1.0.18
  Downloaded profiling v1.0.18
  Downloaded wgpu-core-deps-windows-linux-android v29.0.4
  Downloaded rustc-hash v1.1.0
  Downloaded wgpu-naga-bridge v29.0.4
  Downloaded renderdoc-sys v1.1.0
  Downloaded wayland-sys v0.31.11
  Downloaded bit-vec v0.9.1
  Downloaded foldhash v0.1.5
  Downloaded autocfg v1.5.1
  Downloaded bit-set v0.9.1
  Downloaded foldhash v0.2.0
  Downloaded libloading v0.8.9
  Downloaded thiserror-impl v2.0.20
  Downloaded raw-window-handle v0.6.2
  Downloaded khronos-egl v6.0.0
  Downloaded lock_api v0.4.14
  Downloaded presser v0.3.1
  Downloaded zmij v1.0.23
  Downloaded pkg-config v0.3.34
  Downloaded thiserror v2.0.20
  Downloaded termcolor v1.4.1
  Downloaded bytemuck_derive v1.12.0
  Downloaded quote v1.0.47
  Downloaded allocator-api2 v0.2.21
  Downloaded parking_lot_core v0.9.12
  Downloaded smallvec v1.15.2
  Downloaded spirv v0.4.0+sdk-1.4.341.0
  Downloaded lyon_path v1.0.19
  Downloaded once_cell v1.21.4
  Downloaded ordered-float v5.3.0
  Downloaded parking_lot v0.12.5
  Downloaded codespan-reporting v0.13.1
  Downloaded static_assertions v1.1.0
  Downloaded bitflags v2.13.1
  Downloaded gpu-allocator v0.28.0
  Downloaded lyon_geom v1.0.19
  Downloaded litrs v1.0.0
  Downloaded log v0.4.33
  Downloaded num-traits v0.2.19
  Downloaded unicode-ident v1.0.24
  Downloaded bytemuck v1.25.2
  Downloaded euclid v0.22.14
  Downloaded half v2.7.1
  Downloaded proc-macro2 v1.0.107
  Downloaded serde_core v1.0.229
  Downloaded serde_derive v1.0.229
  Downloaded serde v1.0.229
  Downloaded indexmap v2.14.0
  Downloaded memchr v2.8.3
  Downloaded zerocopy-derive v0.8.56
  Downloaded wgpu-types v29.0.4
  Downloaded hashbrown v0.15.5
  Downloaded glow v0.17.0
  Downloaded serde_json v1.0.151
  Downloaded hashbrown v0.16.1
  Downloaded lyon_tessellation v1.0.20
  Downloaded hashbrown v0.17.1
  Downloaded libm v0.2.16
  Downloaded wgpu v29.0.4
  Downloaded zerocopy v0.8.56
  Downloaded syn v2.0.119
  Downloaded syn v3.0.3
  Downloaded unicode-width v0.2.2
  Downloaded wgpu-core v29.0.4
  Downloaded wgpu-hal v29.0.4
  Downloaded ash v0.38.0+1.3.281
  Downloaded libc v0.2.189
  Downloaded naga v29.0.4
   Compiling proc-macro2 v1.0.107
   Compiling unicode-ident v1.0.24
   Compiling quote v1.0.47
   Compiling libm v0.2.16
   Compiling autocfg v1.5.1
   Compiling num-traits v0.2.19
    Checking arrayvec v0.7.8
   Compiling serde_core v1.0.229
   Compiling serde v1.0.229
    Checking float_next_after v1.0.0
    Checking cfg-if v1.0.4
   Compiling cfg_aliases v0.2.2
    Checking bitflags v2.13.1
    Checking libloading v0.8.9
   Compiling thiserror v2.0.20
    Checking equivalent v1.0.2
   Compiling zerocopy v0.8.56
   Compiling libc v0.2.189
   Compiling syn v3.0.3
   Compiling syn v2.0.119
    Checking euclid v0.22.14
    Checking log v0.4.33
    Checking allocator-api2 v0.2.21
    Checking lyon_geom v1.0.19
    Checking foldhash v0.2.0
    Checking hashbrown v0.16.1
    Checking lyon_path v1.0.19
    Checking lyon_tessellation v1.0.20
   Compiling serde_derive v1.0.229
   Compiling thiserror-impl v2.0.20
   Compiling bytemuck_derive v1.12.0
   Compiling naga v29.0.4
   Compiling zerocopy-derive v0.8.56
    Checking hashbrown v0.17.1
   Compiling pkg-config v0.3.34
    Checking unicode-width v0.2.2
   Compiling ash v0.38.0+1.3.281
   Compiling parking_lot_core v0.9.12
    Checking once_cell v1.21.4
    Checking bit-vec v0.9.1
   Compiling wayland-sys v0.31.11
    Checking codespan-reporting v0.13.1
    Checking bit-set v0.9.1
    Checking bytemuck v1.25.2
    Checking indexmap v2.14.0
    Checking spirv v0.4.0+sdk-1.4.341.0
    Checking noon-core v0.1.0 (/home/runner/work/noon/noon/crates/noon-core)
   Compiling khronos-egl v6.0.0
    Checking smallvec v1.15.2
    Checking raw-window-handle v0.6.2
    Checking rustc-hash v1.1.0
    Checking hexf-parse v0.2.1
    Checking foldhash v0.1.5
    Checking scopeguard v1.2.0
    Checking hashbrown v0.15.5
    Checking lock_api v0.4.14
    Checking noon-geometry v0.1.0 (/home/runner/work/noon/noon/crates/noon-geometry)
    Checking wgpu-types v29.0.4
    Checking noon-compile v0.1.0 (/home/runner/work/noon/noon/crates/noon-compile)
    Checking noon-runtime v0.1.0 (/home/runner/work/noon/noon/crates/noon-runtime)
    Checking dlib v0.5.3
    Checking gpu-descriptor-types v0.2.0
   Compiling wgpu-hal v29.0.4
    Checking presser v0.3.1
    Checking gpu-descriptor v0.3.2
    Checking parking_lot v0.12.5
    Checking ordered-float v5.3.0
    Checking profiling v1.0.18
    Checking glow v0.17.0
    Checking renderdoc-sys v1.1.0
   Compiling wgpu-core v29.0.4
   Compiling litrs v1.0.0
    Checking half v2.7.1
   Compiling document-features v0.2.12
   Compiling wgpu v29.0.4
   Compiling zmij v1.0.23
   Compiling serde_json v1.0.151
    Checking static_assertions v1.1.0
    Checking memchr v2.8.3
    Checking itoa v1.0.18
    Checking noon-ir v0.1.0 (/home/runner/work/noon/noon/crates/noon-ir)
    Checking noon-web v0.1.0 (/home/runner/work/noon/noon/crates/noon-web)
    Checking wgpu-naga-bridge v29.0.4
    Checking gpu-allocator v0.28.0
    Checking wgpu-core-deps-windows-linux-android v29.0.4
    Checking noon-render-wgpu v0.1.0 (/home/runner/work/noon/noon/crates/noon-render-wgpu)
    Finished `dev` profile [unoptimized + debuginfo] target(s) in 32.22s

>>> cargo clippy --workspace --all-targets --all-features -- -D warnings
    Checking noon-core v0.1.0 (/home/runner/work/noon/noon/crates/noon-core)
    Checking noon-geometry v0.1.0 (/home/runner/work/noon/noon/crates/noon-geometry)
    Checking noon-ir v0.1.0 (/home/runner/work/noon/noon/crates/noon-ir)
error: writing `&mut Vec` instead of `&mut [_]` involves a new object where a slice will do
   --> crates/noon-geometry/src/morph.rs:754:29
    |
754 | fn canonicalize_ccw(points: &mut Vec<Vec2>, side: MorphSide) -> Result<(), FilledMorphError> {
    |                             ^^^^^^^^^^^^^^
    |
    = help: for further information visit https://rust-lang.github.io/rust-clippy/rust-1.97.0/index.html#ptr_arg
    = note: `-D clippy::ptr-arg` implied by `-D warnings`
    = help: to override `-D warnings` add `#[allow(clippy::ptr_arg)]`
help: change this to
    |
754 - fn canonicalize_ccw(points: &mut Vec<Vec2>, side: MorphSide) -> Result<(), FilledMorphError> {
754 + fn canonicalize_ccw(points: &mut [Vec2], side: MorphSide) -> Result<(), FilledMorphError> {
    |

error: could not compile `noon-geometry` (lib) due to 1 previous error
warning: build failed, waiting for other jobs to finish...
error: could not compile `noon-geometry` (lib test) due to 1 previous error

GATE_STATUS=101
